// Jest Snapshot v1, https://goo.gl/fbAQLP

exports[`Test render should update with patch REPLACE 1`] = `
<div
  id="#div_MUST_replece"
/>
`;

exports[`Test render simple render 1`] = `
<div
  classname="root"
>
  <span
    classname="text"
  >
    Hi,
  </span>
  <span
    classname="text"
  >
    foo
  </span>
</div>
`;
